// Jest Snapshot v1, https://goo.gl/fbAQLP

exports[`BpkSwitch should render correctly 1`] = `
<label
  className="bpk-switch"
>
  <input
    aria-label="Switch"
    className="bpk-switch__checkbox"
    type="checkbox"
  />
  <span
    aria-hidden={true}
    className="bpk-switch__label"
  >
    Switch
  </span>
  <span
    aria-hidden={true}
    className="bpk-switch__switch bpk-switch__switch--primary"
  />
</label>
`;

exports[`BpkSwitch should render correctly when checked 1`] = `
<label
  className="bpk-switch"
>
  <input
    aria-label="Switch"
    checked={true}
    className="bpk-switch__checkbox"
    type="checkbox"
  />
  <span
    aria-hidden={true}
    className="bpk-switch__label"
  >
    Switch
  </span>
  <span
    aria-hidden={true}
    className="bpk-switch__switch bpk-switch__switch--primary"
  />
</label>
`;

exports[`BpkSwitch should render event type 1`] = `
<label
  className="bpk-switch"
>
  <input
    aria-label="Switch"
    className="bpk-switch__checkbox"
    type="checkbox"
  />
  <span
    aria-hidden={true}
    className="bpk-switch__label"
  >
    Switch
  </span>
  <span
    aria-hidden={true}
    className="bpk-switch__switch bpk-switch__switch--event"
  />
</label>
`;

exports[`BpkSwitch should support arbitrary props 1`] = `
<label
  className="bpk-switch"
>
  <input
    aria-label="Switch"
    className="bpk-switch__checkbox"
    testID="123"
    type="checkbox"
  />
  <span
    aria-hidden={true}
    className="bpk-switch__label"
  >
    Switch
  </span>
  <span
    aria-hidden={true}
    className="bpk-switch__switch bpk-switch__switch--primary"
  />
</label>
`;

exports[`BpkSwitch should support custom class names 1`] = `
<label
  className="bpk-switch custom-classname"
>
  <input
    aria-label="Switch"
    className="bpk-switch__checkbox"
    type="checkbox"
  />
  <span
    aria-hidden={true}
    className="bpk-switch__label"
  >
    Switch
  </span>
  <span
    aria-hidden={true}
    className="bpk-switch__switch bpk-switch__switch--primary"
  />
</label>
`;
