// Jest Snapshot v1, https://goo.gl/fbAQLP

exports[`BpkChartMargin should render correctly 1`] = `
<g
  transform="translate(.75rem, .75rem)"
>
  Children
</g>
`;
