// Jest Snapshot v1, https://goo.gl/fbAQLP

exports[`large left view should render correctly 1`] = `
<DocumentFragment>
  <div
    class="bpk-price"
  >
    <div
      class=""
    />
    <div>
      <span
        class="bpk-text bpk-text--xxl bpk-price__price bpk-price__spacing"
      >
        £1,830
      </span>
    </div>
  </div>
</DocumentFragment>
`;

exports[`large left view should support custom class names 1`] = `
<DocumentFragment>
  <div
    class="bpk-price custom-classname"
  >
    <div
      class=""
    />
    <div>
      <span
        class="bpk-text bpk-text--xxl bpk-price__price bpk-price__spacing"
      >
        £1,830
      </span>
    </div>
  </div>
</DocumentFragment>
`;

exports[`large left view should support leading text attribute 1`] = `
<DocumentFragment>
  <div
    class="bpk-price"
  >
    <div
      class=""
    >
      <span
        class="bpk-text bpk-text--sm"
      >
        from
      </span>
    </div>
    <div>
      <span
        class="bpk-text bpk-text--xxl bpk-price__price bpk-price__spacing"
      >
        £1,830
      </span>
    </div>
  </div>
</DocumentFragment>
`;

exports[`large left view should support previous price attribute 1`] = `
<DocumentFragment>
  <div
    class="bpk-price"
  >
    <div
      class="bpk-price__leading"
    >
      <span
        class="bpk-text bpk-text--sm bpk-price__previous-price"
      >
        £2,000
      </span>
      <span
        class="bpk-text bpk-text--sm bpk-price__separator"
      >
        𐤟
      </span>
      <span
        class="bpk-text bpk-text--sm"
      >
        from
      </span>
    </div>
    <div>
      <span
        class="bpk-text bpk-text--xxl bpk-price__price bpk-price__spacing"
      >
        £1,830
      </span>
      <span
        class="bpk-text bpk-text--sm bpk-price__trailing"
      >
        per day
      </span>
    </div>
  </div>
</DocumentFragment>
`;

exports[`large left view should support trailing text attribute 1`] = `
<DocumentFragment>
  <div
    class="bpk-price"
  >
    <div
      class=""
    />
    <div>
      <span
        class="bpk-text bpk-text--xxl bpk-price__price bpk-price__spacing"
      >
        £1,830
      </span>
      <span
        class="bpk-text bpk-text--sm bpk-price__trailing"
      >
        per day
      </span>
    </div>
  </div>
</DocumentFragment>
`;

exports[`small left view should render correctly 1`] = `
<DocumentFragment>
  <div
    class="bpk-price"
  >
    <div
      class=""
    />
    <div>
      <span
        class="bpk-text bpk-text--heading-4 bpk-price__price bpk-price__spacing"
      >
        £1,830
      </span>
    </div>
  </div>
</DocumentFragment>
`;

exports[`small left view should support custom class names 1`] = `
<DocumentFragment>
  <div
    class="bpk-price custom-classname"
  >
    <div
      class=""
    />
    <div>
      <span
        class="bpk-text bpk-text--heading-4 bpk-price__price bpk-price__spacing"
      >
        £1,830
      </span>
    </div>
  </div>
</DocumentFragment>
`;

exports[`small left view should support leading text attribute 1`] = `
<DocumentFragment>
  <div
    class="bpk-price"
  >
    <div
      class=""
    >
      <span
        class="bpk-text bpk-text--xs"
      >
        from
      </span>
    </div>
    <div>
      <span
        class="bpk-text bpk-text--heading-4 bpk-price__price bpk-price__spacing"
      >
        £1,830
      </span>
    </div>
  </div>
</DocumentFragment>
`;

exports[`small left view should support previous price attribute 1`] = `
<DocumentFragment>
  <div
    class="bpk-price"
  >
    <div
      class="bpk-price__leading"
    >
      <span
        class="bpk-text bpk-text--xs bpk-price__previous-price"
      >
        £2,000
      </span>
      <span
        class="bpk-text bpk-text--xs bpk-price__separator"
      >
        𐤟
      </span>
      <span
        class="bpk-text bpk-text--xs"
      >
        from
      </span>
    </div>
    <div>
      <span
        class="bpk-text bpk-text--heading-4 bpk-price__price bpk-price__spacing"
      >
        £1,830
      </span>
      <span
        class="bpk-text bpk-text--xs bpk-price__trailing"
      >
        per day
      </span>
    </div>
  </div>
</DocumentFragment>
`;

exports[`small left view should support trailing text attribute 1`] = `
<DocumentFragment>
  <div
    class="bpk-price"
  >
    <div
      class=""
    />
    <div>
      <span
        class="bpk-text bpk-text--heading-4 bpk-price__price bpk-price__spacing"
      >
        £1,830
      </span>
      <span
        class="bpk-text bpk-text--xs bpk-price__trailing"
      >
        per day
      </span>
    </div>
  </div>
</DocumentFragment>
`;

exports[`small right view should render correctly 1`] = `
<DocumentFragment>
  <div
    class="bpk-price bpk-price--right"
  >
    <div
      class="bpk-price__leading--right"
    />
    <div
      class="bpk-price__column-container"
    >
      <span
        class="bpk-text bpk-text--heading-4 bpk-price__price"
      >
        £1,830
      </span>
    </div>
  </div>
</DocumentFragment>
`;

exports[`small right view should support custom class names 1`] = `
<DocumentFragment>
  <div
    class="bpk-price bpk-price--right custom-classname"
  >
    <div
      class="bpk-price__leading--right"
    />
    <div
      class="bpk-price__column-container"
    >
      <span
        class="bpk-text bpk-text--heading-4 bpk-price__price"
      >
        £1,830
      </span>
    </div>
  </div>
</DocumentFragment>
`;

exports[`small right view should support leading text attribute 1`] = `
<DocumentFragment>
  <div
    class="bpk-price bpk-price--right"
  >
    <div
      class="bpk-price__leading--right"
    >
      <span
        class="bpk-text bpk-text--xs"
      >
        from
      </span>
    </div>
    <div
      class="bpk-price__column-container"
    >
      <span
        class="bpk-text bpk-text--heading-4 bpk-price__price"
      >
        £1,830
      </span>
    </div>
  </div>
</DocumentFragment>
`;

exports[`small right view should support previous price attribute 1`] = `
<DocumentFragment>
  <div
    class="bpk-price bpk-price--right"
  >
    <div
      class="bpk-price__leading bpk-price__leading--right"
    >
      <span
        class="bpk-text bpk-text--xs bpk-price__previous-price"
      >
        £2,000
      </span>
      <span
        class="bpk-text bpk-text--xs bpk-price__separator"
      >
        𐤟
      </span>
      <span
        class="bpk-text bpk-text--xs"
      >
        from
      </span>
    </div>
    <div
      class="bpk-price__column-container"
    >
      <span
        class="bpk-text bpk-text--heading-4 bpk-price__price"
      >
        £1,830
      </span>
      <span
        class="bpk-text bpk-text--xs bpk-price__trailing"
      >
        per day
      </span>
    </div>
  </div>
</DocumentFragment>
`;

exports[`small right view should support trailing text attribute 1`] = `
<DocumentFragment>
  <div
    class="bpk-price bpk-price--right"
  >
    <div
      class="bpk-price__leading--right"
    />
    <div
      class="bpk-price__column-container"
    >
      <span
        class="bpk-text bpk-text--heading-4 bpk-price__price"
      >
        £1,830
      </span>
      <span
        class="bpk-text bpk-text--xs bpk-price__trailing"
      >
        per day
      </span>
    </div>
  </div>
</DocumentFragment>
`;
