// Jest Snapshot v1, https://goo.gl/fbAQLP

exports[`iOS BpkInput should render correctly 1`] = `
<View
  style={
    Array [
      Object {
        "borderColor": "rgb(230, 228, 235)",
        "borderRadius": 4,
        "borderWidth": 1,
        "flexDirection": "row",
        "padding": 12,
      },
    ]
  }
>
  <TextInput
    editable={true}
    onChangeText={null}
    placeholder={undefined}
    style={
      Array [
        Object {
          "color": "rgb(82, 76, 97)",
          "flex": 1,
          "fontSize": 17,
          "width": "auto",
        },
      ]
    }
    value={undefined}
  />
</View>
`;
