// Jest Snapshot v1, https://goo.gl/fbAQLP

exports[`BpkChartDataTable should render correctly 1`] = `
<DocumentFragment>
  <table
    class="bpk-chart-data-table"
  >
    <thead>
      <tr>
        <th>
          Month
        </th>
        <th>
          Average price (Â£)
        </th>
      </tr>
    </thead>
    <tbody>
      <tr>
        <td>
          Jan
        </td>
        <td>
          305
        </td>
      </tr>
      <tr>
        <td>
          Feb
        </td>
        <td>
          348
        </td>
      </tr>
      <tr>
        <td>
          Mar
        </td>
        <td>
          418
        </td>
      </tr>
      <tr>
        <td>
          Apr
        </td>
        <td>
          448
        </td>
      </tr>
    </tbody>
  </table>
</DocumentFragment>
`;
