// Jest Snapshot v1, https://goo.gl/fbAQLP

exports[`BpkInteractiveStarRating should render 4 stars based on hoverRating as it has priority over rating 1`] = `
<DocumentFragment>
  <div
    class="bpk-star-rating"
  >
    <button
      aria-label="1 out of 5 stars"
      aria-pressed="false"
      class="bpk-interactive-star"
      type="button"
    >
      <svg
        class="bpk-star bpk-star--filled bpk-interactive-star__icon"
        height="16"
        style="width: 1rem; height: 1rem;"
        viewBox="0 0 24 24"
        width="16"
        xmlns="http://www.w3.org/2000/svg"
      >
        <path
          d="M7.925 8.03a1.05 1.05 0 00.793-.591l2.576-5.478a.771.771 0 011.412 0l2.576 5.478a1.048 1.048 0 00.793.59l5.75.87a.835.835 0 01.437 1.407l-4.188 4.274a1.05 1.05 0 00-.287.905l.99 6.05a.795.795 0 01-1.141.869l-5.13-2.83a1.05 1.05 0 00-1.013 0l-5.13 2.83a.795.795 0 01-1.141-.87l.995-6.05a1.05 1.05 0 00-.286-.904l-4.192-4.273A.834.834 0 012.175 8.9z"
        />
      </svg>
    </button>
    <button
      aria-label="2 out of 5 stars"
      aria-pressed="false"
      class="bpk-interactive-star"
      type="button"
    >
      <svg
        class="bpk-star bpk-star--filled bpk-interactive-star__icon"
        height="16"
        style="width: 1rem; height: 1rem;"
        viewBox="0 0 24 24"
        width="16"
        xmlns="http://www.w3.org/2000/svg"
      >
        <path
          d="M7.925 8.03a1.05 1.05 0 00.793-.591l2.576-5.478a.771.771 0 011.412 0l2.576 5.478a1.048 1.048 0 00.793.59l5.75.87a.835.835 0 01.437 1.407l-4.188 4.274a1.05 1.05 0 00-.287.905l.99 6.05a.795.795 0 01-1.141.869l-5.13-2.83a1.05 1.05 0 00-1.013 0l-5.13 2.83a.795.795 0 01-1.141-.87l.995-6.05a1.05 1.05 0 00-.286-.904l-4.192-4.273A.834.834 0 012.175 8.9z"
        />
      </svg>
    </button>
    <button
      aria-label="3 out of 5 stars"
      aria-pressed="true"
      class="bpk-interactive-star bpk-interactive-star--selected"
      type="button"
    >
      <svg
        class="bpk-star bpk-star--filled bpk-interactive-star__icon bpk-interactive-star__icon--selected"
        height="16"
        style="width: 1rem; height: 1rem;"
        viewBox="0 0 24 24"
        width="16"
        xmlns="http://www.w3.org/2000/svg"
      >
        <path
          d="M7.925 8.03a1.05 1.05 0 00.793-.591l2.576-5.478a.771.771 0 011.412 0l2.576 5.478a1.048 1.048 0 00.793.59l5.75.87a.835.835 0 01.437 1.407l-4.188 4.274a1.05 1.05 0 00-.287.905l.99 6.05a.795.795 0 01-1.141.869l-5.13-2.83a1.05 1.05 0 00-1.013 0l-5.13 2.83a.795.795 0 01-1.141-.87l.995-6.05a1.05 1.05 0 00-.286-.904l-4.192-4.273A.834.834 0 012.175 8.9z"
        />
      </svg>
    </button>
    <button
      aria-label="4 out of 5 stars"
      aria-pressed="false"
      class="bpk-interactive-star"
      type="button"
    >
      <svg
        class="bpk-star bpk-star--filled bpk-interactive-star__icon"
        height="16"
        style="width: 1rem; height: 1rem;"
        viewBox="0 0 24 24"
        width="16"
        xmlns="http://www.w3.org/2000/svg"
      >
        <path
          d="M7.925 8.03a1.05 1.05 0 00.793-.591l2.576-5.478a.771.771 0 011.412 0l2.576 5.478a1.048 1.048 0 00.793.59l5.75.87a.835.835 0 01.437 1.407l-4.188 4.274a1.05 1.05 0 00-.287.905l.99 6.05a.795.795 0 01-1.141.869l-5.13-2.83a1.05 1.05 0 00-1.013 0l-5.13 2.83a.795.795 0 01-1.141-.87l.995-6.05a1.05 1.05 0 00-.286-.904l-4.192-4.273A.834.834 0 012.175 8.9z"
        />
      </svg>
    </button>
    <button
      aria-label="5 out of 5 stars"
      aria-pressed="false"
      class="bpk-interactive-star"
      type="button"
    >
      <svg
        class="bpk-star bpk-interactive-star__icon"
        height="16"
        style="width: 1rem; height: 1rem;"
        viewBox="0 0 24 24"
        width="16"
        xmlns="http://www.w3.org/2000/svg"
      >
        <path
          d="M22.262 10.306a.834.834 0 00-.437-1.405l-5.75-.87a1.05 1.05 0 01-.793-.592L12.706 1.96a.771.771 0 00-1.412 0L8.718 7.439a1.05 1.05 0 01-.793.59l-5.75.87a.835.835 0 00-.436 1.408L5.93 14.58a1.052 1.052 0 01.286.906l-.995 6.05a.795.795 0 001.142.868l5.129-2.83a1.05 1.05 0 011.014 0l5.129 2.83a.795.795 0 001.142-.868l-.99-6.051a1.05 1.05 0 01.286-.905zM15.93 12.48a4.05 4.05 0 00-1.104 3.488l.262 1.604-1.133-.625a4.05 4.05 0 00-3.912 0l-1.13.623.264-1.598a4.05 4.05 0 00-1.105-3.494l-1.228-1.251 1.529-.232a4.05 4.05 0 003.059-2.28L12 7.51l.566 1.206a4.05 4.05 0 003.06 2.28l1.532.232z"
        />
      </svg>
    </button>
  </div>
</DocumentFragment>
`;

exports[`BpkInteractiveStarRating should render correctly if you give it more than the max rating allowed 1`] = `
<DocumentFragment>
  <div
    class="bpk-star-rating"
  >
    <button
      aria-label="1 out of 5 stars"
      aria-pressed="false"
      class="bpk-interactive-star"
      type="button"
    >
      <svg
        class="bpk-star bpk-star--filled bpk-interactive-star__icon"
        height="16"
        style="width: 1rem; height: 1rem;"
        viewBox="0 0 24 24"
        width="16"
        xmlns="http://www.w3.org/2000/svg"
      >
        <path
          d="M7.925 8.03a1.05 1.05 0 00.793-.591l2.576-5.478a.771.771 0 011.412 0l2.576 5.478a1.048 1.048 0 00.793.59l5.75.87a.835.835 0 01.437 1.407l-4.188 4.274a1.05 1.05 0 00-.287.905l.99 6.05a.795.795 0 01-1.141.869l-5.13-2.83a1.05 1.05 0 00-1.013 0l-5.13 2.83a.795.795 0 01-1.141-.87l.995-6.05a1.05 1.05 0 00-.286-.904l-4.192-4.273A.834.834 0 012.175 8.9z"
        />
      </svg>
    </button>
    <button
      aria-label="2 out of 5 stars"
      aria-pressed="false"
      class="bpk-interactive-star"
      type="button"
    >
      <svg
        class="bpk-star bpk-star--filled bpk-interactive-star__icon"
        height="16"
        style="width: 1rem; height: 1rem;"
        viewBox="0 0 24 24"
        width="16"
        xmlns="http://www.w3.org/2000/svg"
      >
        <path
          d="M7.925 8.03a1.05 1.05 0 00.793-.591l2.576-5.478a.771.771 0 011.412 0l2.576 5.478a1.048 1.048 0 00.793.59l5.75.87a.835.835 0 01.437 1.407l-4.188 4.274a1.05 1.05 0 00-.287.905l.99 6.05a.795.795 0 01-1.141.869l-5.13-2.83a1.05 1.05 0 00-1.013 0l-5.13 2.83a.795.795 0 01-1.141-.87l.995-6.05a1.05 1.05 0 00-.286-.904l-4.192-4.273A.834.834 0 012.175 8.9z"
        />
      </svg>
    </button>
    <button
      aria-label="3 out of 5 stars"
      aria-pressed="false"
      class="bpk-interactive-star"
      type="button"
    >
      <svg
        class="bpk-star bpk-star--filled bpk-interactive-star__icon"
        height="16"
        style="width: 1rem; height: 1rem;"
        viewBox="0 0 24 24"
        width="16"
        xmlns="http://www.w3.org/2000/svg"
      >
        <path
          d="M7.925 8.03a1.05 1.05 0 00.793-.591l2.576-5.478a.771.771 0 011.412 0l2.576 5.478a1.048 1.048 0 00.793.59l5.75.87a.835.835 0 01.437 1.407l-4.188 4.274a1.05 1.05 0 00-.287.905l.99 6.05a.795.795 0 01-1.141.869l-5.13-2.83a1.05 1.05 0 00-1.013 0l-5.13 2.83a.795.795 0 01-1.141-.87l.995-6.05a1.05 1.05 0 00-.286-.904l-4.192-4.273A.834.834 0 012.175 8.9z"
        />
      </svg>
    </button>
    <button
      aria-label="4 out of 5 stars"
      aria-pressed="false"
      class="bpk-interactive-star"
      type="button"
    >
      <svg
        class="bpk-star bpk-star--filled bpk-interactive-star__icon"
        height="16"
        style="width: 1rem; height: 1rem;"
        viewBox="0 0 24 24"
        width="16"
        xmlns="http://www.w3.org/2000/svg"
      >
        <path
          d="M7.925 8.03a1.05 1.05 0 00.793-.591l2.576-5.478a.771.771 0 011.412 0l2.576 5.478a1.048 1.048 0 00.793.59l5.75.87a.835.835 0 01.437 1.407l-4.188 4.274a1.05 1.05 0 00-.287.905l.99 6.05a.795.795 0 01-1.141.869l-5.13-2.83a1.05 1.05 0 00-1.013 0l-5.13 2.83a.795.795 0 01-1.141-.87l.995-6.05a1.05 1.05 0 00-.286-.904l-4.192-4.273A.834.834 0 012.175 8.9z"
        />
      </svg>
    </button>
    <button
      aria-label="5 out of 5 stars"
      aria-pressed="false"
      class="bpk-interactive-star"
      type="button"
    >
      <svg
        class="bpk-star bpk-star--filled bpk-interactive-star__icon"
        height="16"
        style="width: 1rem; height: 1rem;"
        viewBox="0 0 24 24"
        width="16"
        xmlns="http://www.w3.org/2000/svg"
      >
        <path
          d="M7.925 8.03a1.05 1.05 0 00.793-.591l2.576-5.478a.771.771 0 011.412 0l2.576 5.478a1.048 1.048 0 00.793.59l5.75.87a.835.835 0 01.437 1.407l-4.188 4.274a1.05 1.05 0 00-.287.905l.99 6.05a.795.795 0 01-1.141.869l-5.13-2.83a1.05 1.05 0 00-1.013 0l-5.13 2.83a.795.795 0 01-1.141-.87l.995-6.05a1.05 1.05 0 00-.286-.904l-4.192-4.273A.834.834 0 012.175 8.9z"
        />
      </svg>
    </button>
  </div>
</DocumentFragment>
`;

exports[`BpkInteractiveStarRating should render correctly with "large" attribute 1`] = `
<DocumentFragment>
  <div
    class="bpk-star-rating"
  >
    <button
      aria-label="1 out of 5 stars"
      aria-pressed="false"
      class="bpk-interactive-star"
      type="button"
    >
      <svg
        class="bpk-star bpk-star--large bpk-star--filled bpk-interactive-star__icon"
        height="24"
        style="width: 1.5rem; height: 1.5rem;"
        width="24"
        xmlns="http://www.w3.org/2000/svg"
      >
        <path
          d="M8.12 8.218a1 1 0 00.755-.563l2.453-5.217a.735.735 0 011.344 0l2.454 5.217a1 1 0 00.755.563l5.476.83a.795.795 0 01.416 1.338l-3.989 4.07a1 1 0 00-.272.862l.943 5.763a.757.757 0 01-1.087.827l-4.885-2.695a1 1 0 00-.966 0l-4.885 2.695a.757.757 0 01-1.087-.828l.948-5.761a1 1 0 00-.273-.863l-3.993-4.07a.795.795 0 01.416-1.34l5.476-.828z"
        />
      </svg>
    </button>
    <button
      aria-label="2 out of 5 stars"
      aria-pressed="false"
      class="bpk-interactive-star"
      type="button"
    >
      <svg
        class="bpk-star bpk-star--large bpk-star--filled bpk-interactive-star__icon"
        height="24"
        style="width: 1.5rem; height: 1.5rem;"
        width="24"
        xmlns="http://www.w3.org/2000/svg"
      >
        <path
          d="M8.12 8.218a1 1 0 00.755-.563l2.453-5.217a.735.735 0 011.344 0l2.454 5.217a1 1 0 00.755.563l5.476.83a.795.795 0 01.416 1.338l-3.989 4.07a1 1 0 00-.272.862l.943 5.763a.757.757 0 01-1.087.827l-4.885-2.695a1 1 0 00-.966 0l-4.885 2.695a.757.757 0 01-1.087-.828l.948-5.761a1 1 0 00-.273-.863l-3.993-4.07a.795.795 0 01.416-1.34l5.476-.828z"
        />
      </svg>
    </button>
    <button
      aria-label="3 out of 5 stars"
      aria-pressed="false"
      class="bpk-interactive-star"
      type="button"
    >
      <svg
        class="bpk-star bpk-star--large bpk-star--filled bpk-interactive-star__icon"
        height="24"
        style="width: 1.5rem; height: 1.5rem;"
        width="24"
        xmlns="http://www.w3.org/2000/svg"
      >
        <path
          d="M8.12 8.218a1 1 0 00.755-.563l2.453-5.217a.735.735 0 011.344 0l2.454 5.217a1 1 0 00.755.563l5.476.83a.795.795 0 01.416 1.338l-3.989 4.07a1 1 0 00-.272.862l.943 5.763a.757.757 0 01-1.087.827l-4.885-2.695a1 1 0 00-.966 0l-4.885 2.695a.757.757 0 01-1.087-.828l.948-5.761a1 1 0 00-.273-.863l-3.993-4.07a.795.795 0 01.416-1.34l5.476-.828z"
        />
      </svg>
    </button>
    <button
      aria-label="4 out of 5 stars"
      aria-pressed="false"
      class="bpk-interactive-star"
      type="button"
    >
      <svg
        class="bpk-star bpk-star--large bpk-star--filled bpk-interactive-star__icon"
        height="24"
        style="width: 1.5rem; height: 1.5rem;"
        width="24"
        xmlns="http://www.w3.org/2000/svg"
      >
        <path
          d="M8.12 8.218a1 1 0 00.755-.563l2.453-5.217a.735.735 0 011.344 0l2.454 5.217a1 1 0 00.755.563l5.476.83a.795.795 0 01.416 1.338l-3.989 4.07a1 1 0 00-.272.862l.943 5.763a.757.757 0 01-1.087.827l-4.885-2.695a1 1 0 00-.966 0l-4.885 2.695a.757.757 0 01-1.087-.828l.948-5.761a1 1 0 00-.273-.863l-3.993-4.07a.795.795 0 01.416-1.34l5.476-.828z"
        />
      </svg>
    </button>
    <button
      aria-label="5 out of 5 stars"
      aria-pressed="true"
      class="bpk-interactive-star bpk-interactive-star--selected"
      type="button"
    >
      <svg
        class="bpk-star bpk-star--large bpk-star--filled bpk-interactive-star__icon bpk-interactive-star__icon--selected"
        height="24"
        style="width: 1.5rem; height: 1.5rem;"
        width="24"
        xmlns="http://www.w3.org/2000/svg"
      >
        <path
          d="M8.12 8.218a1 1 0 00.755-.563l2.453-5.217a.735.735 0 011.344 0l2.454 5.217a1 1 0 00.755.563l5.476.83a.795.795 0 01.416 1.338l-3.989 4.07a1 1 0 00-.272.862l.943 5.763a.757.757 0 01-1.087.827l-4.885-2.695a1 1 0 00-.966 0l-4.885 2.695a.757.757 0 01-1.087-.828l.948-5.761a1 1 0 00-.273-.863l-3.993-4.07a.795.795 0 01.416-1.34l5.476-.828z"
        />
      </svg>
    </button>
  </div>
</DocumentFragment>
`;

exports[`BpkInteractiveStarRating should render correctly with "maxRating" attribute 1`] = `
<DocumentFragment>
  <div
    class="bpk-star-rating"
  >
    <button
      aria-label="1 out of 8 stars"
      aria-pressed="false"
      class="bpk-interactive-star"
      type="button"
    >
      <svg
        class="bpk-star bpk-star--filled bpk-interactive-star__icon"
        height="16"
        style="width: 1rem; height: 1rem;"
        viewBox="0 0 24 24"
        width="16"
        xmlns="http://www.w3.org/2000/svg"
      >
        <path
          d="M7.925 8.03a1.05 1.05 0 00.793-.591l2.576-5.478a.771.771 0 011.412 0l2.576 5.478a1.048 1.048 0 00.793.59l5.75.87a.835.835 0 01.437 1.407l-4.188 4.274a1.05 1.05 0 00-.287.905l.99 6.05a.795.795 0 01-1.141.869l-5.13-2.83a1.05 1.05 0 00-1.013 0l-5.13 2.83a.795.795 0 01-1.141-.87l.995-6.05a1.05 1.05 0 00-.286-.904l-4.192-4.273A.834.834 0 012.175 8.9z"
        />
      </svg>
    </button>
    <button
      aria-label="2 out of 8 stars"
      aria-pressed="false"
      class="bpk-interactive-star"
      type="button"
    >
      <svg
        class="bpk-star bpk-star--filled bpk-interactive-star__icon"
        height="16"
        style="width: 1rem; height: 1rem;"
        viewBox="0 0 24 24"
        width="16"
        xmlns="http://www.w3.org/2000/svg"
      >
        <path
          d="M7.925 8.03a1.05 1.05 0 00.793-.591l2.576-5.478a.771.771 0 011.412 0l2.576 5.478a1.048 1.048 0 00.793.59l5.75.87a.835.835 0 01.437 1.407l-4.188 4.274a1.05 1.05 0 00-.287.905l.99 6.05a.795.795 0 01-1.141.869l-5.13-2.83a1.05 1.05 0 00-1.013 0l-5.13 2.83a.795.795 0 01-1.141-.87l.995-6.05a1.05 1.05 0 00-.286-.904l-4.192-4.273A.834.834 0 012.175 8.9z"
        />
      </svg>
    </button>
    <button
      aria-label="3 out of 8 stars"
      aria-pressed="false"
      class="bpk-interactive-star"
      type="button"
    >
      <svg
        class="bpk-star bpk-star--filled bpk-interactive-star__icon"
        height="16"
        style="width: 1rem; height: 1rem;"
        viewBox="0 0 24 24"
        width="16"
        xmlns="http://www.w3.org/2000/svg"
      >
        <path
          d="M7.925 8.03a1.05 1.05 0 00.793-.591l2.576-5.478a.771.771 0 011.412 0l2.576 5.478a1.048 1.048 0 00.793.59l5.75.87a.835.835 0 01.437 1.407l-4.188 4.274a1.05 1.05 0 00-.287.905l.99 6.05a.795.795 0 01-1.141.869l-5.13-2.83a1.05 1.05 0 00-1.013 0l-5.13 2.83a.795.795 0 01-1.141-.87l.995-6.05a1.05 1.05 0 00-.286-.904l-4.192-4.273A.834.834 0 012.175 8.9z"
        />
      </svg>
    </button>
    <button
      aria-label="4 out of 8 stars"
      aria-pressed="false"
      class="bpk-interactive-star"
      type="button"
    >
      <svg
        class="bpk-star bpk-star--filled bpk-interactive-star__icon"
        height="16"
        style="width: 1rem; height: 1rem;"
        viewBox="0 0 24 24"
        width="16"
        xmlns="http://www.w3.org/2000/svg"
      >
        <path
          d="M7.925 8.03a1.05 1.05 0 00.793-.591l2.576-5.478a.771.771 0 011.412 0l2.576 5.478a1.048 1.048 0 00.793.59l5.75.87a.835.835 0 01.437 1.407l-4.188 4.274a1.05 1.05 0 00-.287.905l.99 6.05a.795.795 0 01-1.141.869l-5.13-2.83a1.05 1.05 0 00-1.013 0l-5.13 2.83a.795.795 0 01-1.141-.87l.995-6.05a1.05 1.05 0 00-.286-.904l-4.192-4.273A.834.834 0 012.175 8.9z"
        />
      </svg>
    </button>
    <button
      aria-label="5 out of 8 stars"
      aria-pressed="true"
      class="bpk-interactive-star bpk-interactive-star--selected"
      type="button"
    >
      <svg
        class="bpk-star bpk-star--filled bpk-interactive-star__icon bpk-interactive-star__icon--selected"
        height="16"
        style="width: 1rem; height: 1rem;"
        viewBox="0 0 24 24"
        width="16"
        xmlns="http://www.w3.org/2000/svg"
      >
        <path
          d="M7.925 8.03a1.05 1.05 0 00.793-.591l2.576-5.478a.771.771 0 011.412 0l2.576 5.478a1.048 1.048 0 00.793.59l5.75.87a.835.835 0 01.437 1.407l-4.188 4.274a1.05 1.05 0 00-.287.905l.99 6.05a.795.795 0 01-1.141.869l-5.13-2.83a1.05 1.05 0 00-1.013 0l-5.13 2.83a.795.795 0 01-1.141-.87l.995-6.05a1.05 1.05 0 00-.286-.904l-4.192-4.273A.834.834 0 012.175 8.9z"
        />
      </svg>
    </button>
    <button
      aria-label="6 out of 8 stars"
      aria-pressed="false"
      class="bpk-interactive-star"
      type="button"
    >
      <svg
        class="bpk-star bpk-interactive-star__icon"
        height="16"
        style="width: 1rem; height: 1rem;"
        viewBox="0 0 24 24"
        width="16"
        xmlns="http://www.w3.org/2000/svg"
      >
        <path
          d="M22.262 10.306a.834.834 0 00-.437-1.405l-5.75-.87a1.05 1.05 0 01-.793-.592L12.706 1.96a.771.771 0 00-1.412 0L8.718 7.439a1.05 1.05 0 01-.793.59l-5.75.87a.835.835 0 00-.436 1.408L5.93 14.58a1.052 1.052 0 01.286.906l-.995 6.05a.795.795 0 001.142.868l5.129-2.83a1.05 1.05 0 011.014 0l5.129 2.83a.795.795 0 001.142-.868l-.99-6.051a1.05 1.05 0 01.286-.905zM15.93 12.48a4.05 4.05 0 00-1.104 3.488l.262 1.604-1.133-.625a4.05 4.05 0 00-3.912 0l-1.13.623.264-1.598a4.05 4.05 0 00-1.105-3.494l-1.228-1.251 1.529-.232a4.05 4.05 0 003.059-2.28L12 7.51l.566 1.206a4.05 4.05 0 003.06 2.28l1.532.232z"
        />
      </svg>
    </button>
    <button
      aria-label="7 out of 8 stars"
      aria-pressed="false"
      class="bpk-interactive-star"
      type="button"
    >
      <svg
        class="bpk-star bpk-interactive-star__icon"
        height="16"
        style="width: 1rem; height: 1rem;"
        viewBox="0 0 24 24"
        width="16"
        xmlns="http://www.w3.org/2000/svg"
      >
        <path
          d="M22.262 10.306a.834.834 0 00-.437-1.405l-5.75-.87a1.05 1.05 0 01-.793-.592L12.706 1.96a.771.771 0 00-1.412 0L8.718 7.439a1.05 1.05 0 01-.793.59l-5.75.87a.835.835 0 00-.436 1.408L5.93 14.58a1.052 1.052 0 01.286.906l-.995 6.05a.795.795 0 001.142.868l5.129-2.83a1.05 1.05 0 011.014 0l5.129 2.83a.795.795 0 001.142-.868l-.99-6.051a1.05 1.05 0 01.286-.905zM15.93 12.48a4.05 4.05 0 00-1.104 3.488l.262 1.604-1.133-.625a4.05 4.05 0 00-3.912 0l-1.13.623.264-1.598a4.05 4.05 0 00-1.105-3.494l-1.228-1.251 1.529-.232a4.05 4.05 0 003.059-2.28L12 7.51l.566 1.206a4.05 4.05 0 003.06 2.28l1.532.232z"
        />
      </svg>
    </button>
    <button
      aria-label="8 out of 8 stars"
      aria-pressed="false"
      class="bpk-interactive-star"
      type="button"
    >
      <svg
        class="bpk-star bpk-interactive-star__icon"
        height="16"
        style="width: 1rem; height: 1rem;"
        viewBox="0 0 24 24"
        width="16"
        xmlns="http://www.w3.org/2000/svg"
      >
        <path
          d="M22.262 10.306a.834.834 0 00-.437-1.405l-5.75-.87a1.05 1.05 0 01-.793-.592L12.706 1.96a.771.771 0 00-1.412 0L8.718 7.439a1.05 1.05 0 01-.793.59l-5.75.87a.835.835 0 00-.436 1.408L5.93 14.58a1.052 1.052 0 01.286.906l-.995 6.05a.795.795 0 001.142.868l5.129-2.83a1.05 1.05 0 011.014 0l5.129 2.83a.795.795 0 001.142-.868l-.99-6.051a1.05 1.05 0 01.286-.905zM15.93 12.48a4.05 4.05 0 00-1.104 3.488l.262 1.604-1.133-.625a4.05 4.05 0 00-3.912 0l-1.13.623.264-1.598a4.05 4.05 0 00-1.105-3.494l-1.228-1.251 1.529-.232a4.05 4.05 0 003.059-2.28L12 7.51l.566 1.206a4.05 4.05 0 003.06 2.28l1.532.232z"
        />
      </svg>
    </button>
  </div>
</DocumentFragment>
`;

exports[`BpkInteractiveStarRating should render correctly with 0 stars 1`] = `
<DocumentFragment>
  <div
    class="bpk-star-rating"
  >
    <button
      aria-label="1 out of 5 stars"
      aria-pressed="false"
      class="bpk-interactive-star"
      type="button"
    >
      <svg
        class="bpk-star bpk-interactive-star__icon"
        height="16"
        style="width: 1rem; height: 1rem;"
        viewBox="0 0 24 24"
        width="16"
        xmlns="http://www.w3.org/2000/svg"
      >
        <path
          d="M22.262 10.306a.834.834 0 00-.437-1.405l-5.75-.87a1.05 1.05 0 01-.793-.592L12.706 1.96a.771.771 0 00-1.412 0L8.718 7.439a1.05 1.05 0 01-.793.59l-5.75.87a.835.835 0 00-.436 1.408L5.93 14.58a1.052 1.052 0 01.286.906l-.995 6.05a.795.795 0 001.142.868l5.129-2.83a1.05 1.05 0 011.014 0l5.129 2.83a.795.795 0 001.142-.868l-.99-6.051a1.05 1.05 0 01.286-.905zM15.93 12.48a4.05 4.05 0 00-1.104 3.488l.262 1.604-1.133-.625a4.05 4.05 0 00-3.912 0l-1.13.623.264-1.598a4.05 4.05 0 00-1.105-3.494l-1.228-1.251 1.529-.232a4.05 4.05 0 003.059-2.28L12 7.51l.566 1.206a4.05 4.05 0 003.06 2.28l1.532.232z"
        />
      </svg>
    </button>
    <button
      aria-label="2 out of 5 stars"
      aria-pressed="false"
      class="bpk-interactive-star"
      type="button"
    >
      <svg
        class="bpk-star bpk-interactive-star__icon"
        height="16"
        style="width: 1rem; height: 1rem;"
        viewBox="0 0 24 24"
        width="16"
        xmlns="http://www.w3.org/2000/svg"
      >
        <path
          d="M22.262 10.306a.834.834 0 00-.437-1.405l-5.75-.87a1.05 1.05 0 01-.793-.592L12.706 1.96a.771.771 0 00-1.412 0L8.718 7.439a1.05 1.05 0 01-.793.59l-5.75.87a.835.835 0 00-.436 1.408L5.93 14.58a1.052 1.052 0 01.286.906l-.995 6.05a.795.795 0 001.142.868l5.129-2.83a1.05 1.05 0 011.014 0l5.129 2.83a.795.795 0 001.142-.868l-.99-6.051a1.05 1.05 0 01.286-.905zM15.93 12.48a4.05 4.05 0 00-1.104 3.488l.262 1.604-1.133-.625a4.05 4.05 0 00-3.912 0l-1.13.623.264-1.598a4.05 4.05 0 00-1.105-3.494l-1.228-1.251 1.529-.232a4.05 4.05 0 003.059-2.28L12 7.51l.566 1.206a4.05 4.05 0 003.06 2.28l1.532.232z"
        />
      </svg>
    </button>
    <button
      aria-label="3 out of 5 stars"
      aria-pressed="false"
      class="bpk-interactive-star"
      type="button"
    >
      <svg
        class="bpk-star bpk-interactive-star__icon"
        height="16"
        style="width: 1rem; height: 1rem;"
        viewBox="0 0 24 24"
        width="16"
        xmlns="http://www.w3.org/2000/svg"
      >
        <path
          d="M22.262 10.306a.834.834 0 00-.437-1.405l-5.75-.87a1.05 1.05 0 01-.793-.592L12.706 1.96a.771.771 0 00-1.412 0L8.718 7.439a1.05 1.05 0 01-.793.59l-5.75.87a.835.835 0 00-.436 1.408L5.93 14.58a1.052 1.052 0 01.286.906l-.995 6.05a.795.795 0 001.142.868l5.129-2.83a1.05 1.05 0 011.014 0l5.129 2.83a.795.795 0 001.142-.868l-.99-6.051a1.05 1.05 0 01.286-.905zM15.93 12.48a4.05 4.05 0 00-1.104 3.488l.262 1.604-1.133-.625a4.05 4.05 0 00-3.912 0l-1.13.623.264-1.598a4.05 4.05 0 00-1.105-3.494l-1.228-1.251 1.529-.232a4.05 4.05 0 003.059-2.28L12 7.51l.566 1.206a4.05 4.05 0 003.06 2.28l1.532.232z"
        />
      </svg>
    </button>
    <button
      aria-label="4 out of 5 stars"
      aria-pressed="false"
      class="bpk-interactive-star"
      type="button"
    >
      <svg
        class="bpk-star bpk-interactive-star__icon"
        height="16"
        style="width: 1rem; height: 1rem;"
        viewBox="0 0 24 24"
        width="16"
        xmlns="http://www.w3.org/2000/svg"
      >
        <path
          d="M22.262 10.306a.834.834 0 00-.437-1.405l-5.75-.87a1.05 1.05 0 01-.793-.592L12.706 1.96a.771.771 0 00-1.412 0L8.718 7.439a1.05 1.05 0 01-.793.59l-5.75.87a.835.835 0 00-.436 1.408L5.93 14.58a1.052 1.052 0 01.286.906l-.995 6.05a.795.795 0 001.142.868l5.129-2.83a1.05 1.05 0 011.014 0l5.129 2.83a.795.795 0 001.142-.868l-.99-6.051a1.05 1.05 0 01.286-.905zM15.93 12.48a4.05 4.05 0 00-1.104 3.488l.262 1.604-1.133-.625a4.05 4.05 0 00-3.912 0l-1.13.623.264-1.598a4.05 4.05 0 00-1.105-3.494l-1.228-1.251 1.529-.232a4.05 4.05 0 003.059-2.28L12 7.51l.566 1.206a4.05 4.05 0 003.06 2.28l1.532.232z"
        />
      </svg>
    </button>
    <button
      aria-label="5 out of 5 stars"
      aria-pressed="false"
      class="bpk-interactive-star"
      type="button"
    >
      <svg
        class="bpk-star bpk-interactive-star__icon"
        height="16"
        style="width: 1rem; height: 1rem;"
        viewBox="0 0 24 24"
        width="16"
        xmlns="http://www.w3.org/2000/svg"
      >
        <path
          d="M22.262 10.306a.834.834 0 00-.437-1.405l-5.75-.87a1.05 1.05 0 01-.793-.592L12.706 1.96a.771.771 0 00-1.412 0L8.718 7.439a1.05 1.05 0 01-.793.59l-5.75.87a.835.835 0 00-.436 1.408L5.93 14.58a1.052 1.052 0 01.286.906l-.995 6.05a.795.795 0 001.142.868l5.129-2.83a1.05 1.05 0 011.014 0l5.129 2.83a.795.795 0 001.142-.868l-.99-6.051a1.05 1.05 0 01.286-.905zM15.93 12.48a4.05 4.05 0 00-1.104 3.488l.262 1.604-1.133-.625a4.05 4.05 0 00-3.912 0l-1.13.623.264-1.598a4.05 4.05 0 00-1.105-3.494l-1.228-1.251 1.529-.232a4.05 4.05 0 003.059-2.28L12 7.51l.566 1.206a4.05 4.05 0 003.06 2.28l1.532.232z"
        />
      </svg>
    </button>
  </div>
</DocumentFragment>
`;

exports[`BpkInteractiveStarRating should render correctly with 3 stars 1`] = `
<DocumentFragment>
  <div
    class="bpk-star-rating"
  >
    <button
      aria-label="1 out of 5 stars"
      aria-pressed="false"
      class="bpk-interactive-star"
      type="button"
    >
      <svg
        class="bpk-star bpk-star--filled bpk-interactive-star__icon"
        height="16"
        style="width: 1rem; height: 1rem;"
        viewBox="0 0 24 24"
        width="16"
        xmlns="http://www.w3.org/2000/svg"
      >
        <path
          d="M7.925 8.03a1.05 1.05 0 00.793-.591l2.576-5.478a.771.771 0 011.412 0l2.576 5.478a1.048 1.048 0 00.793.59l5.75.87a.835.835 0 01.437 1.407l-4.188 4.274a1.05 1.05 0 00-.287.905l.99 6.05a.795.795 0 01-1.141.869l-5.13-2.83a1.05 1.05 0 00-1.013 0l-5.13 2.83a.795.795 0 01-1.141-.87l.995-6.05a1.05 1.05 0 00-.286-.904l-4.192-4.273A.834.834 0 012.175 8.9z"
        />
      </svg>
    </button>
    <button
      aria-label="2 out of 5 stars"
      aria-pressed="false"
      class="bpk-interactive-star"
      type="button"
    >
      <svg
        class="bpk-star bpk-star--filled bpk-interactive-star__icon"
        height="16"
        style="width: 1rem; height: 1rem;"
        viewBox="0 0 24 24"
        width="16"
        xmlns="http://www.w3.org/2000/svg"
      >
        <path
          d="M7.925 8.03a1.05 1.05 0 00.793-.591l2.576-5.478a.771.771 0 011.412 0l2.576 5.478a1.048 1.048 0 00.793.59l5.75.87a.835.835 0 01.437 1.407l-4.188 4.274a1.05 1.05 0 00-.287.905l.99 6.05a.795.795 0 01-1.141.869l-5.13-2.83a1.05 1.05 0 00-1.013 0l-5.13 2.83a.795.795 0 01-1.141-.87l.995-6.05a1.05 1.05 0 00-.286-.904l-4.192-4.273A.834.834 0 012.175 8.9z"
        />
      </svg>
    </button>
    <button
      aria-label="3 out of 5 stars"
      aria-pressed="true"
      class="bpk-interactive-star bpk-interactive-star--selected"
      type="button"
    >
      <svg
        class="bpk-star bpk-star--filled bpk-interactive-star__icon bpk-interactive-star__icon--selected"
        height="16"
        style="width: 1rem; height: 1rem;"
        viewBox="0 0 24 24"
        width="16"
        xmlns="http://www.w3.org/2000/svg"
      >
        <path
          d="M7.925 8.03a1.05 1.05 0 00.793-.591l2.576-5.478a.771.771 0 011.412 0l2.576 5.478a1.048 1.048 0 00.793.59l5.75.87a.835.835 0 01.437 1.407l-4.188 4.274a1.05 1.05 0 00-.287.905l.99 6.05a.795.795 0 01-1.141.869l-5.13-2.83a1.05 1.05 0 00-1.013 0l-5.13 2.83a.795.795 0 01-1.141-.87l.995-6.05a1.05 1.05 0 00-.286-.904l-4.192-4.273A.834.834 0 012.175 8.9z"
        />
      </svg>
    </button>
    <button
      aria-label="4 out of 5 stars"
      aria-pressed="false"
      class="bpk-interactive-star"
      type="button"
    >
      <svg
        class="bpk-star bpk-interactive-star__icon"
        height="16"
        style="width: 1rem; height: 1rem;"
        viewBox="0 0 24 24"
        width="16"
        xmlns="http://www.w3.org/2000/svg"
      >
        <path
          d="M22.262 10.306a.834.834 0 00-.437-1.405l-5.75-.87a1.05 1.05 0 01-.793-.592L12.706 1.96a.771.771 0 00-1.412 0L8.718 7.439a1.05 1.05 0 01-.793.59l-5.75.87a.835.835 0 00-.436 1.408L5.93 14.58a1.052 1.052 0 01.286.906l-.995 6.05a.795.795 0 001.142.868l5.129-2.83a1.05 1.05 0 011.014 0l5.129 2.83a.795.795 0 001.142-.868l-.99-6.051a1.05 1.05 0 01.286-.905zM15.93 12.48a4.05 4.05 0 00-1.104 3.488l.262 1.604-1.133-.625a4.05 4.05 0 00-3.912 0l-1.13.623.264-1.598a4.05 4.05 0 00-1.105-3.494l-1.228-1.251 1.529-.232a4.05 4.05 0 003.059-2.28L12 7.51l.566 1.206a4.05 4.05 0 003.06 2.28l1.532.232z"
        />
      </svg>
    </button>
    <button
      aria-label="5 out of 5 stars"
      aria-pressed="false"
      class="bpk-interactive-star"
      type="button"
    >
      <svg
        class="bpk-star bpk-interactive-star__icon"
        height="16"
        style="width: 1rem; height: 1rem;"
        viewBox="0 0 24 24"
        width="16"
        xmlns="http://www.w3.org/2000/svg"
      >
        <path
          d="M22.262 10.306a.834.834 0 00-.437-1.405l-5.75-.87a1.05 1.05 0 01-.793-.592L12.706 1.96a.771.771 0 00-1.412 0L8.718 7.439a1.05 1.05 0 01-.793.59l-5.75.87a.835.835 0 00-.436 1.408L5.93 14.58a1.052 1.052 0 01.286.906l-.995 6.05a.795.795 0 001.142.868l5.129-2.83a1.05 1.05 0 011.014 0l5.129 2.83a.795.795 0 001.142-.868l-.99-6.051a1.05 1.05 0 01.286-.905zM15.93 12.48a4.05 4.05 0 00-1.104 3.488l.262 1.604-1.133-.625a4.05 4.05 0 00-3.912 0l-1.13.623.264-1.598a4.05 4.05 0 00-1.105-3.494l-1.228-1.251 1.529-.232a4.05 4.05 0 003.059-2.28L12 7.51l.566 1.206a4.05 4.05 0 003.06 2.28l1.532.232z"
        />
      </svg>
    </button>
  </div>
</DocumentFragment>
`;

exports[`BpkInteractiveStarRating should render correctly with 3.5 stars 1`] = `
<DocumentFragment>
  <div
    class="bpk-star-rating"
  >
    <button
      aria-label="1 out of 5 stars"
      aria-pressed="false"
      class="bpk-interactive-star"
      type="button"
    >
      <svg
        class="bpk-star bpk-star--filled bpk-interactive-star__icon"
        height="16"
        style="width: 1rem; height: 1rem;"
        viewBox="0 0 24 24"
        width="16"
        xmlns="http://www.w3.org/2000/svg"
      >
        <path
          d="M7.925 8.03a1.05 1.05 0 00.793-.591l2.576-5.478a.771.771 0 011.412 0l2.576 5.478a1.048 1.048 0 00.793.59l5.75.87a.835.835 0 01.437 1.407l-4.188 4.274a1.05 1.05 0 00-.287.905l.99 6.05a.795.795 0 01-1.141.869l-5.13-2.83a1.05 1.05 0 00-1.013 0l-5.13 2.83a.795.795 0 01-1.141-.87l.995-6.05a1.05 1.05 0 00-.286-.904l-4.192-4.273A.834.834 0 012.175 8.9z"
        />
      </svg>
    </button>
    <button
      aria-label="2 out of 5 stars"
      aria-pressed="false"
      class="bpk-interactive-star"
      type="button"
    >
      <svg
        class="bpk-star bpk-star--filled bpk-interactive-star__icon"
        height="16"
        style="width: 1rem; height: 1rem;"
        viewBox="0 0 24 24"
        width="16"
        xmlns="http://www.w3.org/2000/svg"
      >
        <path
          d="M7.925 8.03a1.05 1.05 0 00.793-.591l2.576-5.478a.771.771 0 011.412 0l2.576 5.478a1.048 1.048 0 00.793.59l5.75.87a.835.835 0 01.437 1.407l-4.188 4.274a1.05 1.05 0 00-.287.905l.99 6.05a.795.795 0 01-1.141.869l-5.13-2.83a1.05 1.05 0 00-1.013 0l-5.13 2.83a.795.795 0 01-1.141-.87l.995-6.05a1.05 1.05 0 00-.286-.904l-4.192-4.273A.834.834 0 012.175 8.9z"
        />
      </svg>
    </button>
    <button
      aria-label="3 out of 5 stars"
      aria-pressed="false"
      class="bpk-interactive-star"
      type="button"
    >
      <svg
        class="bpk-star bpk-star--filled bpk-interactive-star__icon"
        height="16"
        style="width: 1rem; height: 1rem;"
        viewBox="0 0 24 24"
        width="16"
        xmlns="http://www.w3.org/2000/svg"
      >
        <path
          d="M7.925 8.03a1.05 1.05 0 00.793-.591l2.576-5.478a.771.771 0 011.412 0l2.576 5.478a1.048 1.048 0 00.793.59l5.75.87a.835.835 0 01.437 1.407l-4.188 4.274a1.05 1.05 0 00-.287.905l.99 6.05a.795.795 0 01-1.141.869l-5.13-2.83a1.05 1.05 0 00-1.013 0l-5.13 2.83a.795.795 0 01-1.141-.87l.995-6.05a1.05 1.05 0 00-.286-.904l-4.192-4.273A.834.834 0 012.175 8.9z"
        />
      </svg>
    </button>
    <button
      aria-label="4 out of 5 stars"
      aria-pressed="false"
      class="bpk-interactive-star"
      type="button"
    >
      <svg
        class="bpk-star bpk-interactive-star__icon"
        height="16"
        style="width: 1rem; height: 1rem;"
        viewBox="0 0 24 24"
        width="16"
        xmlns="http://www.w3.org/2000/svg"
      >
        <path
          d="M22.262 10.306a.834.834 0 00-.437-1.405l-5.75-.87a1.05 1.05 0 01-.793-.592L12.706 1.96a.771.771 0 00-1.412 0L8.718 7.439a1.05 1.05 0 01-.793.59l-5.75.87a.835.835 0 00-.436 1.408L5.93 14.58a1.052 1.052 0 01.286.906l-.995 6.05a.795.795 0 001.142.868l5.129-2.83a1.05 1.05 0 011.014 0l5.129 2.83a.795.795 0 001.142-.868l-.99-6.051a1.05 1.05 0 01.286-.905zM15.93 12.48a4.05 4.05 0 00-1.104 3.488l.262 1.604-1.133-.625a4.05 4.05 0 00-3.912 0l-1.13.623.264-1.598a4.05 4.05 0 00-1.105-3.494l-1.228-1.251 1.529-.232a4.05 4.05 0 003.059-2.28L12 7.51l.566 1.206a4.05 4.05 0 003.06 2.28l1.532.232z"
        />
      </svg>
    </button>
    <button
      aria-label="5 out of 5 stars"
      aria-pressed="false"
      class="bpk-interactive-star"
      type="button"
    >
      <svg
        class="bpk-star bpk-interactive-star__icon"
        height="16"
        style="width: 1rem; height: 1rem;"
        viewBox="0 0 24 24"
        width="16"
        xmlns="http://www.w3.org/2000/svg"
      >
        <path
          d="M22.262 10.306a.834.834 0 00-.437-1.405l-5.75-.87a1.05 1.05 0 01-.793-.592L12.706 1.96a.771.771 0 00-1.412 0L8.718 7.439a1.05 1.05 0 01-.793.59l-5.75.87a.835.835 0 00-.436 1.408L5.93 14.58a1.052 1.052 0 01.286.906l-.995 6.05a.795.795 0 001.142.868l5.129-2.83a1.05 1.05 0 011.014 0l5.129 2.83a.795.795 0 001.142-.868l-.99-6.051a1.05 1.05 0 01.286-.905zM15.93 12.48a4.05 4.05 0 00-1.104 3.488l.262 1.604-1.133-.625a4.05 4.05 0 00-3.912 0l-1.13.623.264-1.598a4.05 4.05 0 00-1.105-3.494l-1.228-1.251 1.529-.232a4.05 4.05 0 003.059-2.28L12 7.51l.566 1.206a4.05 4.05 0 003.06 2.28l1.532.232z"
        />
      </svg>
    </button>
  </div>
</DocumentFragment>
`;

exports[`BpkInteractiveStarRating should render correctly with 5 stars 1`] = `
<DocumentFragment>
  <div
    class="bpk-star-rating"
  >
    <button
      aria-label="1 out of 5 stars"
      aria-pressed="false"
      class="bpk-interactive-star"
      type="button"
    >
      <svg
        class="bpk-star bpk-star--filled bpk-interactive-star__icon"
        height="16"
        style="width: 1rem; height: 1rem;"
        viewBox="0 0 24 24"
        width="16"
        xmlns="http://www.w3.org/2000/svg"
      >
        <path
          d="M7.925 8.03a1.05 1.05 0 00.793-.591l2.576-5.478a.771.771 0 011.412 0l2.576 5.478a1.048 1.048 0 00.793.59l5.75.87a.835.835 0 01.437 1.407l-4.188 4.274a1.05 1.05 0 00-.287.905l.99 6.05a.795.795 0 01-1.141.869l-5.13-2.83a1.05 1.05 0 00-1.013 0l-5.13 2.83a.795.795 0 01-1.141-.87l.995-6.05a1.05 1.05 0 00-.286-.904l-4.192-4.273A.834.834 0 012.175 8.9z"
        />
      </svg>
    </button>
    <button
      aria-label="2 out of 5 stars"
      aria-pressed="false"
      class="bpk-interactive-star"
      type="button"
    >
      <svg
        class="bpk-star bpk-star--filled bpk-interactive-star__icon"
        height="16"
        style="width: 1rem; height: 1rem;"
        viewBox="0 0 24 24"
        width="16"
        xmlns="http://www.w3.org/2000/svg"
      >
        <path
          d="M7.925 8.03a1.05 1.05 0 00.793-.591l2.576-5.478a.771.771 0 011.412 0l2.576 5.478a1.048 1.048 0 00.793.59l5.75.87a.835.835 0 01.437 1.407l-4.188 4.274a1.05 1.05 0 00-.287.905l.99 6.05a.795.795 0 01-1.141.869l-5.13-2.83a1.05 1.05 0 00-1.013 0l-5.13 2.83a.795.795 0 01-1.141-.87l.995-6.05a1.05 1.05 0 00-.286-.904l-4.192-4.273A.834.834 0 012.175 8.9z"
        />
      </svg>
    </button>
    <button
      aria-label="3 out of 5 stars"
      aria-pressed="false"
      class="bpk-interactive-star"
      type="button"
    >
      <svg
        class="bpk-star bpk-star--filled bpk-interactive-star__icon"
        height="16"
        style="width: 1rem; height: 1rem;"
        viewBox="0 0 24 24"
        width="16"
        xmlns="http://www.w3.org/2000/svg"
      >
        <path
          d="M7.925 8.03a1.05 1.05 0 00.793-.591l2.576-5.478a.771.771 0 011.412 0l2.576 5.478a1.048 1.048 0 00.793.59l5.75.87a.835.835 0 01.437 1.407l-4.188 4.274a1.05 1.05 0 00-.287.905l.99 6.05a.795.795 0 01-1.141.869l-5.13-2.83a1.05 1.05 0 00-1.013 0l-5.13 2.83a.795.795 0 01-1.141-.87l.995-6.05a1.05 1.05 0 00-.286-.904l-4.192-4.273A.834.834 0 012.175 8.9z"
        />
      </svg>
    </button>
    <button
      aria-label="4 out of 5 stars"
      aria-pressed="false"
      class="bpk-interactive-star"
      type="button"
    >
      <svg
        class="bpk-star bpk-star--filled bpk-interactive-star__icon"
        height="16"
        style="width: 1rem; height: 1rem;"
        viewBox="0 0 24 24"
        width="16"
        xmlns="http://www.w3.org/2000/svg"
      >
        <path
          d="M7.925 8.03a1.05 1.05 0 00.793-.591l2.576-5.478a.771.771 0 011.412 0l2.576 5.478a1.048 1.048 0 00.793.59l5.75.87a.835.835 0 01.437 1.407l-4.188 4.274a1.05 1.05 0 00-.287.905l.99 6.05a.795.795 0 01-1.141.869l-5.13-2.83a1.05 1.05 0 00-1.013 0l-5.13 2.83a.795.795 0 01-1.141-.87l.995-6.05a1.05 1.05 0 00-.286-.904l-4.192-4.273A.834.834 0 012.175 8.9z"
        />
      </svg>
    </button>
    <button
      aria-label="5 out of 5 stars"
      aria-pressed="true"
      class="bpk-interactive-star bpk-interactive-star--selected"
      type="button"
    >
      <svg
        class="bpk-star bpk-star--filled bpk-interactive-star__icon bpk-interactive-star__icon--selected"
        height="16"
        style="width: 1rem; height: 1rem;"
        viewBox="0 0 24 24"
        width="16"
        xmlns="http://www.w3.org/2000/svg"
      >
        <path
          d="M7.925 8.03a1.05 1.05 0 00.793-.591l2.576-5.478a.771.771 0 011.412 0l2.576 5.478a1.048 1.048 0 00.793.59l5.75.87a.835.835 0 01.437 1.407l-4.188 4.274a1.05 1.05 0 00-.287.905l.99 6.05a.795.795 0 01-1.141.869l-5.13-2.83a1.05 1.05 0 00-1.013 0l-5.13 2.83a.795.795 0 01-1.141-.87l.995-6.05a1.05 1.05 0 00-.286-.904l-4.192-4.273A.834.834 0 012.175 8.9z"
        />
      </svg>
    </button>
  </div>
</DocumentFragment>
`;
