// Jest Snapshot v1, https://goo.gl/fbAQLP

exports[`withDescription should render correctly 1`] = `
<DocumentFragment>
  <span>
    <span>
      ❤️
    </span>
    <span
      class="bpk-icon-description"
    >
      love
    </span>
  </span>
</DocumentFragment>
`;
