// Jest Snapshot v1, https://goo.gl/fbAQLP

exports[`BpkBreakpoint should not render when breakpoint is not mocked within tests 1`] = `<DocumentFragment />`;
