// Jest Snapshot v1, https://goo.gl/fbAQLP

exports[`BpkSlider should render correctly 1`] = `
<div
  className="bpk-slider"
  onClick={[Function]}
  onMouseDown={[Function]}
  style={
    Object {
      "position": "relative",
    }
  }
>
  <div
    className="bpk-slider__bar bpk-slider__bar-0"
    style={
      Object {
        "left": 0,
        "position": "absolute",
        "right": 0,
        "willChange": "",
      }
    }
  />
  <div
    className="bpk-slider__bar bpk-slider__bar-1"
    style={
      Object {
        "left": 0,
        "position": "absolute",
        "right": 0,
        "willChange": "",
      }
    }
  />
  <div
    aria-valuemax={100}
    aria-valuemin={0}
    aria-valuenow={25}
    className="bpk-slider__handle bpk-slider__handle-0 "
    onFocus={[Function]}
    onMouseDown={[Function]}
    onTouchStart={[Function]}
    role="slider"
    style={
      Object {
        "left": "0px",
        "position": "absolute",
        "willChange": "",
        "zIndex": 1,
      }
    }
    tabIndex={0}
  />
</div>
`;

exports[`BpkSlider should render correctly with a "className" attribute 1`] = `
<div
  className="bpk-slider my-slider"
  onClick={[Function]}
  onMouseDown={[Function]}
  style={
    Object {
      "position": "relative",
    }
  }
>
  <div
    className="bpk-slider__bar bpk-slider__bar-0"
    style={
      Object {
        "left": 0,
        "position": "absolute",
        "right": 0,
        "willChange": "",
      }
    }
  />
  <div
    className="bpk-slider__bar bpk-slider__bar-1"
    style={
      Object {
        "left": 0,
        "position": "absolute",
        "right": 0,
        "willChange": "",
      }
    }
  />
  <div
    aria-valuemax={100}
    aria-valuemin={0}
    aria-valuenow={25}
    className="bpk-slider__handle bpk-slider__handle-0 "
    onFocus={[Function]}
    onMouseDown={[Function]}
    onTouchStart={[Function]}
    role="slider"
    style={
      Object {
        "left": "0px",
        "position": "absolute",
        "willChange": "",
        "zIndex": 1,
      }
    }
    tabIndex={0}
  />
</div>
`;

exports[`BpkSlider should render correctly with a "large" attribute 1`] = `
<div
  className="bpk-slider bpk-slider--large"
  onClick={[Function]}
  onMouseDown={[Function]}
  style={
    Object {
      "position": "relative",
    }
  }
>
  <div
    className="bpk-slider__bar bpk-slider__bar-0"
    style={
      Object {
        "left": 0,
        "position": "absolute",
        "right": 0,
        "willChange": "",
      }
    }
  />
  <div
    className="bpk-slider__bar bpk-slider__bar-1"
    style={
      Object {
        "left": 0,
        "position": "absolute",
        "right": 0,
        "willChange": "",
      }
    }
  />
  <div
    aria-valuemax={9}
    aria-valuemin={0}
    aria-valuenow={2}
    className="bpk-slider__handle bpk-slider__handle--large bpk-slider__handle bpk-slider__handle--large-0 "
    onFocus={[Function]}
    onMouseDown={[Function]}
    onTouchStart={[Function]}
    role="slider"
    style={
      Object {
        "left": "0px",
        "position": "absolute",
        "willChange": "",
        "zIndex": 1,
      }
    }
    tabIndex={0}
  />
</div>
`;

exports[`BpkSlider should render correctly with a "step" attribute 1`] = `
<div
  className="bpk-slider"
  onClick={[Function]}
  onMouseDown={[Function]}
  style={
    Object {
      "position": "relative",
    }
  }
>
  <div
    className="bpk-slider__bar bpk-slider__bar-0"
    style={
      Object {
        "left": 0,
        "position": "absolute",
        "right": 0,
        "willChange": "",
      }
    }
  />
  <div
    className="bpk-slider__bar bpk-slider__bar-1"
    style={
      Object {
        "left": 0,
        "position": "absolute",
        "right": 0,
        "willChange": "",
      }
    }
  />
  <div
    aria-valuemax={100}
    aria-valuemin={0}
    aria-valuenow={0}
    className="bpk-slider__handle bpk-slider__handle-0 "
    onFocus={[Function]}
    onMouseDown={[Function]}
    onTouchStart={[Function]}
    role="slider"
    style={
      Object {
        "left": "0px",
        "position": "absolute",
        "willChange": "",
        "zIndex": 1,
      }
    }
    tabIndex={0}
  />
</div>
`;

exports[`BpkSlider should render correctly with a minimum distance between controls 1`] = `
<div
  className="bpk-slider bpk-slider--range"
  onClick={[Function]}
  onMouseDown={[Function]}
  style={
    Object {
      "position": "relative",
    }
  }
>
  <div
    className="bpk-slider__bar bpk-slider__bar-0"
    style={
      Object {
        "left": 0,
        "position": "absolute",
        "right": 0,
        "willChange": "",
      }
    }
  />
  <div
    className="bpk-slider__bar bpk-slider__bar-1"
    style={
      Object {
        "left": 0,
        "position": "absolute",
        "right": 0,
        "willChange": "",
      }
    }
  />
  <div
    className="bpk-slider__bar bpk-slider__bar-2"
    style={
      Object {
        "left": 0,
        "position": "absolute",
        "right": 0,
        "willChange": "",
      }
    }
  />
  <div
    aria-valuemax={100}
    aria-valuemin={0}
    aria-valuenow={10}
    className="bpk-slider__handle bpk-slider__handle-0 "
    onFocus={[Function]}
    onMouseDown={[Function]}
    onTouchStart={[Function]}
    role="slider"
    style={
      Object {
        "left": "0px",
        "position": "absolute",
        "willChange": "",
        "zIndex": 1,
      }
    }
    tabIndex={0}
  />
  <div
    aria-valuemax={100}
    aria-valuemin={0}
    aria-valuenow={90}
    className="bpk-slider__handle bpk-slider__handle-1 "
    onFocus={[Function]}
    onMouseDown={[Function]}
    onTouchStart={[Function]}
    role="slider"
    style={
      Object {
        "left": "0px",
        "position": "absolute",
        "willChange": "",
        "zIndex": 2,
      }
    }
    tabIndex={0}
  />
</div>
`;

exports[`BpkSlider should render correctly with a range of values 1`] = `
<div
  className="bpk-slider bpk-slider--range"
  onClick={[Function]}
  onMouseDown={[Function]}
  style={
    Object {
      "position": "relative",
    }
  }
>
  <div
    className="bpk-slider__bar bpk-slider__bar-0"
    style={
      Object {
        "left": 0,
        "position": "absolute",
        "right": 0,
        "willChange": "",
      }
    }
  />
  <div
    className="bpk-slider__bar bpk-slider__bar-1"
    style={
      Object {
        "left": 0,
        "position": "absolute",
        "right": 0,
        "willChange": "",
      }
    }
  />
  <div
    className="bpk-slider__bar bpk-slider__bar-2"
    style={
      Object {
        "left": 0,
        "position": "absolute",
        "right": 0,
        "willChange": "",
      }
    }
  />
  <div
    aria-valuemax={100}
    aria-valuemin={0}
    aria-valuenow={10}
    className="bpk-slider__handle bpk-slider__handle-0 "
    onFocus={[Function]}
    onMouseDown={[Function]}
    onTouchStart={[Function]}
    role="slider"
    style={
      Object {
        "left": "0px",
        "position": "absolute",
        "willChange": "",
        "zIndex": 1,
      }
    }
    tabIndex={0}
  />
  <div
    aria-valuemax={100}
    aria-valuemin={0}
    aria-valuenow={90}
    className="bpk-slider__handle bpk-slider__handle-1 "
    onFocus={[Function]}
    onMouseDown={[Function]}
    onTouchStart={[Function]}
    role="slider"
    style={
      Object {
        "left": "0px",
        "position": "absolute",
        "willChange": "",
        "zIndex": 2,
      }
    }
    tabIndex={0}
  />
</div>
`;
