// Jest Snapshot v1, https://goo.gl/fbAQLP

exports[`BpkThemeToggle should render correctly 1`] = `
<div>
  <label
    className="bpk-label bpk-theme-toggle__label"
    htmlFor="theme-select"
  >
    Change theme
  </label>
  <select
    aria-invalid={false}
    className="bpk-select"
    disabled={false}
    id="theme-select"
    name="theme-select"
    onChange={[Function]}
    value="Azure"
  >
    <option
      hidden={true}
      value=""
    >
      Change theme
    </option>
    <option
      value="skyscanner"
    >
      None
    </option>
    <option
      value="Azure"
    >
      Azure
    </option>
    <option
      value="London"
    >
      London
    </option>
    <option
      value="Hong Kong"
    >
      Hong Kong
    </option>
    <option
      value="Doha"
    >
      Doha
    </option>
  </select>
</div>
`;
