// Jest Snapshot v1, https://jestjs.io/docs/snapshot-testing

exports[`EnhancedComponent should render correctly 1`] = `
<DocumentFragment>
  <div>
    <p>
      Children
    </p>
  </div>
</DocumentFragment>
`;
